[themekita.com/demo-atlantis-bootstrap/livepreview/examples/assets/fonts/summernote/index.html]
[backblue.gif]
[fade.gif]
[index.html]
[themekita.com/_autoindex/icons/blank.png]
[themekita.com/_autoindex/icons/up.png]
[themekita.com/_autoindex/icons/unknown.png]
[themekita.com/demo-atlantis-bootstrap/livepreview/examples/assets/fonts/summernote/summernote.eot]
[themekita.com/demo-atlantis-bootstrap/livepreview/examples/assets/fonts/summernote/summernote.ttf]
[themekita.com/demo-atlantis-bootstrap/livepreview/examples/assets/fonts/summernote/index.html]
[themekita.com/demo-atlantis-bootstrap/livepreview/examples/assets/fonts/summernote/summernote.woff]
[themekita.com/demo-atlantis-bootstrap/livepreview/examples/assets/fonts/summernote/index9a11.html]
[themekita.com/demo-atlantis-bootstrap/livepreview/examples/assets/fonts/summernote/index9a11.html]
[themekita.com/demo-atlantis-bootstrap/livepreview/examples/assets/fonts/summernote/index2a60.html]
[themekita.com/demo-atlantis-bootstrap/livepreview/examples/assets/fonts/summernote/index2a60.html]
[themekita.com/demo-atlantis-bootstrap/livepreview/examples/assets/fonts/summernote/index3dd6.html]
[themekita.com/demo-atlantis-bootstrap/livepreview/examples/assets/fonts/summernote/index0389.html]
[themekita.com/demo-atlantis-bootstrap/livepreview/examples/assets/fonts/summernote/index3dd6.html]
[themekita.com/demo-atlantis-bootstrap/livepreview/examples/assets/fonts/summernote/index0389.html]
[themekita.com/demo-atlantis-bootstrap/livepreview/examples/assets/fonts/summernote/index7dc1.html]
[themekita.com/demo-atlantis-bootstrap/livepreview/examples/assets/fonts/summernote/index7dc1.html]
[themekita.com/demo-atlantis-bootstrap/livepreview/examples/assets/fonts/summernote/index350b.html]
[themekita.com/demo-atlantis-bootstrap/livepreview/examples/assets/fonts/summernote/index38f9.html]
[themekita.com/demo-atlantis-bootstrap/livepreview/examples/assets/fonts/summernote/index38f9.html]
[themekita.com/demo-atlantis-bootstrap/livepreview/examples/assets/fonts/summernote/index350b.html]
[themekita.com/demo-atlantis-bootstrap/livepreview/examples/assets/fonts/summernote/indexd4cd.html]
[themekita.com/demo-atlantis-bootstrap/livepreview/examples/assets/fonts/summernote/indexd4cd.html]
